// Jest Snapshot v1, https://goo.gl/fbAQLP

exports[`components/login.js should render itself & its children 1`] = `
<div
  className="container-fluid main-container login"
>
  <img
    className="img-responsive logo"
    src="images/gitify-logo-outline-dark.png"
  />
  <div
    className="desc"
  >
    GitHub Notifications
    <br />
    in your menu bar.
  </div>
  <button
    className="btn btn-lg btn-block github"
    onClick={[Function]}
  >
    <i
      className="fa fa-github"
    />
     Log in to GitHub
  </button>
  <a
    className="btn btn-lg btn-block enterprise"
    href="/enterpriselogin"
    onClick={[Function]}
  >
    <i
      className="fa fa-github"
    />
     Enterprise
  </a>
</div>
`;
