// Jest Snapshot v1, https://goo.gl/fbAQLP

exports[`routes/notification.js should render itself & its children 1`] = `
<div
  className="container-fluid main-container notifications"
>
  <span />
</div>
`;
