// Jest Snapshot v1, https://goo.gl/fbAQLP

exports[`components/all-read.tsx should render itself & its children 1`] = `
<div
  className="sc-AxjAm bVUrJb"
>
  <div
    className="sc-AxirZ joxCwg"
  >
    ðŸ˜‰
  </div>
  <h2
    className="sc-AxiKw dlazZW"
  />
  <h4
    className="sc-AxhCb jUqlrV"
  >
    No new notifications.
  </h4>
</div>
`;
