// Jest Snapshot v1, https://goo.gl/fbAQLP

exports[`components/oops.tsx should render itself & its children 1`] = `
<div
  className="sc-AykKC iqXGQ"
>
  <div
    className="sc-AykKD dxnFup"
  >
    ðŸ˜”
  </div>
  <h2
    className="sc-AykKE kxNnyc"
  >
    Something went wrong.
  </h2>
  <h4
    className="sc-AykKF hXdduO"
  >
    Couldn't get your notifications.
  </h4>
</div>
`;
